
> verbocast-frontend@0.0.0 build
> vite build

[36mvite v5.4.21 [32mbuilding for production...[36m[39m
transforming...
[32mÔ£ô[39m 4 modules transformed.
node.exe : [31mx[39m 
Build failed in 2.21s
No linha:1 caractere:1
+ & "C:\Program 
Files\nodejs/node.exe" 
"C:\Program 
Files\nodejs/node_mo ...
+ ~~~~~~~~~~~~~~~~~~~~~~~~~~
~~~~~~~~~~~~~~~~~~~~~~~~~~~~
~~~~~~~~~~~~~~~
    + CategoryInfo          
    : NotSpecified: ([31m  
  x[39m Build failed in    
 2.21s:String) [], Remot    
eException
    + FullyQualifiedErrorId 
    : NativeCommandError
 
[31merror during build:
[31m[vite:css] [postcss] C:
/Sermoes/frontend/src/index.
css:23:9: The 
`shadow-[0_0_20px_rgba(36,` 
class does not exist. If 
`shadow-[0_0_20px_rgba(36,` 
is a custom class, make 
sure it is defined within a 
`@layer` directive.[31m
file: [36mC:/Sermoes/fronte
nd/src/index.css:23:8[31m
    at Input.error (C:\Sermo
es\frontend\node_modules\pos
tcss\lib\input.js:135:16)
    at AtRule.error (C:\Serm
oes\frontend\node_modules\po
stcss\lib\node.js:146:32)
    at processApply (C:\Serm
oes\frontend\node_modules\ta
ilwindcss\lib\lib\expandAppl
yAtRules.js:380:29)
    at C:\Sermoes\frontend\n
ode_modules\tailwindcss\lib\
lib\expandApplyAtRules.js:55
1:9
    at C:\Sermoes\frontend\n
ode_modules\tailwindcss\lib\
processTailwindFeatures.js:5
5:50
    at async plugins (C:\Ser
moes\frontend\node_modules\t
ailwindcss\lib\plugin.js:38:
17)
    at async 
LazyResult.runAsync (C:\Serm
oes\frontend\node_modules\po
stcss\lib\lazy-result.js:293
:11)
    at async compileCSS (fil
e:///C:/Sermoes/frontend/nod
e_modules/vite/dist/node/chu
nks/dep-BK3b2jBa.js:36898:21
)
    at async 
Object.transform (file:///C:
/Sermoes/frontend/node_modul
es/vite/dist/node/chunks/dep
-BK3b2jBa.js:36171:11)
    at async transform (file
:///C:/Sermoes/frontend/node
_modules/rollup/dist/es/shar
ed/node-entry.js:21283:16)[
39m
